00:00:00.400 |I| Configuration LogValueChange: ResScale set to: 1
00:00:00.420 |I| Configuration LogValueChange: ResScaleCustom set to: 1
00:00:00.420 |I| Configuration LogValueChange: MaxAnisotropy set to: -1
00:00:00.421 |I| Configuration LogValueChange: AspectRatio set to: Fixed16x9
00:00:00.422 |I| Configuration LogValueChange: PreferredGpu set to: 0x1002_0x743F
00:00:00.423 |I| Configuration LogValueChange: ScalingFilterLevel set to: 80
00:00:00.423 |I| Configuration LogValueChange: CustomVSyncInterval set to: 120
00:00:00.423 |I| Configuration LogValueChange: EnableShaderCache set to: True
00:00:00.424 |I| Configuration LogValueChange: EnableMacroHLE set to: True
00:00:00.424 |I| Configuration LogValueChange: Language set to: AmericanEnglish
00:00:00.425 |I| Configuration LogValueChange: Region set to: USA
00:00:00.425 |I| Configuration LogValueChange: TimeZone set to: UTC
00:00:00.429 |I| Configuration LogValueChange: SystemTimeOffset set to: -19
00:00:00.429 |I| Configuration LogValueChange: EnableDockedMode set to: True
00:00:00.429 |I| Configuration LogValueChange: EnablePtc set to: True
00:00:00.435 |I| Configuration LogValueChange: TickScalar set to: 50
00:00:00.441 |I| Configuration LogValueChange: EnableFsIntegrityChecks set to: True
00:00:00.443 |I| Configuration LogValueChange: AudioBackend set to: SDL2
00:00:00.443 |I| Configuration LogValueChange: AudioVolume set to: 0.15
00:00:00.444 |I| Configuration LogValueChange: MemoryManagerMode set to: HostMappedUnsafe
00:00:00.445 |I| Configuration LogValueChange: UseHypervisor set to: True
00:00:00.449 |I| Configuration LogValueChange: LdnPassphrase set to: 
00:00:00.449 |I| Configuration LogValueChange: LdnServer set to: 
00:00:00.450 |I| Configuration LogValueChange: GdbStubPort set to: 55555
00:00:00.459 |N| Application PrintSystemInfo:    ___                 __    _              
00:00:00.459 |N| Application PrintSystemInfo:   / _ \  __ __ __ __  / /   (_)  ___   ___ _
00:00:00.459 |N| Application PrintSystemInfo:  / , _/ / // // // / / _ \ / /  / _ \ / _ `/
00:00:00.459 |N| Application PrintSystemInfo: /_/|_|  \_, / \_,_/ /_.__//_/  /_//_/ \_, / 
00:00:00.459 |N| Application PrintSystemInfo:        /___/                         /___/  
00:00:00.459 |N| Application PrintSystemInfo: Ryujinx Version: 1.3.3
00:00:00.459 |N| Application PrintSystemInfo: .NET Runtime: .NET 9.0.9
00:00:00.464 |N| Application PrintSystemInfo: Operating System: Microsoft Windows 10.0.22621 (X64)
00:00:00.465 |N| Application PrintSystemInfo: CPU: Intel(R) Core(TM) i3-10105 CPU @ 3.70GHz ; 8 logical
00:00:00.473 |N| Application PrintSystemInfo: RAM: Total 15.9 GiB ; Available 1.9 GiB
00:00:00.476 |N| Application PrintSystemInfo: Logs Enabled: Info, Warning, Error, Guest, Stub
00:00:00.477 |N| Application PrintSystemInfo: Launch Mode: UserProfile
00:00:03.289 |W| Application FixUnindexedSystemSaves: Error ResultFsTargetLocked (2002-0007) when fixing extra data for system save data 0x8000000000000030
00:00:03.368 |W| Application FixExtraDataInSpaceId: Error ResultFsTargetLocked (2002-0007) when fixing extra data for save data 0x8000000000000030 in the System save data space
00:00:03.866 |I| Application QueryLatestAsync: Checking for updates from: https://update.ryujinx.app/latest/query?os=win&arch=amd64&rc=stable
00:00:04.489 |I| Application CheckVersionAsync: Up to date.
